// Jest Snapshot v1, https://goo.gl/fbAQLP

exports[`Articleの単体テスト スナップショットテスト 1`] = `
<div>
  <div
    class="grid max-w-[1280px] grid-cols-3 gap-4 pt-4 "
  >
    <div
      class="col-start-2"
    >
      <article
        class="transition duration-300 hover:translate-x-[-1px] hover:translate-y-[-2px] hover:shadow-lg "
      >
        <a
          href="/portfolio/fsdfhjskjd"
        >
          <figure
            class="relative aspect-video w-full overflow-hidden md:max-h-[229px] "
          >
            <img
              alt="サムネイル画像"
              data-nimg="fill"
              decoding="async"
              loading="lazy"
              sizes="(min-width:768px) 50vw,100vw"
              src="/_next/image?url=%2Fimg.jpg&w=3840&q=75"
              srcset="/_next/image?url=%2Fimg.jpg&w=384&q=75 384w, /_next/image?url=%2Fimg.jpg&w=640&q=75 640w, /_next/image?url=%2Fimg.jpg&w=750&q=75 750w, /_next/image?url=%2Fimg.jpg&w=828&q=75 828w, /_next/image?url=%2Fimg.jpg&w=1080&q=75 1080w, /_next/image?url=%2Fimg.jpg&w=1200&q=75 1200w, /_next/image?url=%2Fimg.jpg&w=1920&q=75 1920w, /_next/image?url=%2Fimg.jpg&w=2048&q=75 2048w, /_next/image?url=%2Fimg.jpg&w=3840&q=75 3840w"
              style="position: absolute; height: 100%; width: 100%; left: 0px; top: 0px; right: 0px; bottom: 0px; object-fit: cover; color: transparent; background-size: cover; background-position: 50% 50%; background-repeat: no-repeat;"
            />
          </figure>
          <h3
            class="className relative z-10 mt-[-49px] flex h-[50px] w-full justify-center text-lg min-[420px]:text-2xl "
          >
            <span
              class="flex h-full w-fit items-center justify-center bg-whiteColor px-8"
            >
              このポートフォリオサイト
            </span>
          </h3>
          <p
            class=" p-2 text-justify"
          >
            figmaにてデザインから行いNext.jsで開発しました。訪れた人が癒されるようなコンセプトです。デザインから作る事でフロントエンドエンジニアとして、デザインへの理解を深めるいい機会になりました。
          </p>
        </a>
      </article>
    </div>
  </div>
</div>
`;
