// Jest Snapshot v1, https://goo.gl/fbAQLP

exports[`Navの単体テスト スナップショットテスト 1`] = `
<div>
  <nav
    aria-hidden="true"
    class="fixed right-0 top-0 z-0 text-main-textColor opacity-0 delay-[0.6s]  "
    data-testid="navi"
    id="navi"
    role="navigation"
  >
    <h2
      class="className mx-auto w-fit text-[64px]"
    >
      Menu
    </h2>
    <ul
      class="className flex flex-col items-center justify-center space-y-6 p-7 text-4xl sm:space-y-[58px] sm:p-[58px]"
    >
      <li
        data-testid="navigation-list"
      >
        <a
          class="relative block w-min after:block after:h-[1px] after:w-[100%] after:scale-0 after:bg-main-textColor after:transition-transform after:duration-300 hover:after:scale-100 "
          href="/"
        >
          TOP
        </a>
      </li>
      <li>
        <a
          class="relative block w-min after:block after:h-[1px] after:w-[100%] after:scale-0 after:bg-main-textColor after:transition-transform after:duration-300 hover:after:scale-100 "
          href="/portfolio"
        >
          Portfolio
        </a>
      </li>
      <li>
        <a
          class="relative block w-min after:block after:h-[1px] after:w-[100%] after:scale-0 after:bg-main-textColor after:transition-transform after:duration-300 hover:after:scale-100 "
          href="/contact"
        >
          Contact
        </a>
      </li>
      <li>
        <a
          class="relative block w-min after:block after:h-[1px] after:w-[100%] after:scale-0 after:bg-main-textColor after:transition-transform after:duration-300 hover:after:scale-100 "
          href="https://github.com/LeafField"
          target="_blank"
        >
          GitHub
        </a>
      </li>
      <li>
        <a
          class="relative block w-min after:mt-1 after:block after:h-[1px] after:w-[100%] after:scale-0 after:bg-main-textColor after:transition-transform after:duration-300 hover:after:scale-100 "
          href="https://twitter.com/youko8713"
          target="_blank"
        >
          X(Twitter)
        </a>
      </li>
    </ul>
  </nav>
</div>
`;
