// Jest Snapshot v1, https://goo.gl/fbAQLP

exports[`SubmitButtonの単体テスト スナップショットテスト 1`] = `
<div>
  <button
    class="mx-auto mt-[46px] flex items-center justify-center bg-mainColor px-4 py-2 text-whiteColor shadow-md transition duration-300 hover:translate-y-[2px] hover:shadow-none"
    type="submit"
  >
    送信
  </button>
</div>
`;
