// Jest Snapshot v1, https://goo.gl/fbAQLP

exports[`SkillTextの単体テスト スナップショットテスト 1`] = `
<div>
  <div
    class="space-y-2 pt-4 lg:p-5"
  >
    <h3
      class="text-xl md:text-2xl className"
    >
      フロントエンドの高みを目指して
    </h3>
    <p
      class="text-justify text-sm md:text-base"
    >
      主にReactとNext.jsが得意ですが、フロントエンドを極める為にはフロントエンドだけに閉じこもらず 関係する分野に広く通じていた方がいいと考えサーバーサイド（主にNest.js）やインフラ周りの勉強を始めています。
      <br />
      将来的にはデザインも勉強し、デザイナーとデザインについて熱く語り合い、サーバーサイドエンジニアと深く連携ができるフロントエンドエンジニアを目指しています。
    </p>
  </div>
</div>
`;
